WARNING: ignoring environment value of R_HOME
=== Coloc: ZEB2 × GWAS × eQTL (dice_vcf) ===
Locus  : chr2:143442710-145442710  |  lead SNP: NA
GWAS   : GCST003156_SLE_Bentham2015.h.tsv.gz  (N=14267, type=cc, s=0.3645)
eQTL   : /vol/projects/BIIM/agentic_immunology/datalake/dice/eqtls/full_summary_stats  (N=91, sdY=1, format=dice_vcf)

[1] Loading GWAS locus...
  GWAS: 2760 variants in locus (after QC)

[2] Loading eQTL for ZEB2...
  B_CELL_NAIVE                   1155 variants
  CD4_NAIVE                      1170 variants
  CD4_STIM                       1145 variants
  CD8_NAIVE                      1181 variants
  CD8_STIM                       1178 variants
  M2                             1152 variants
  MONOCYTES                      1159 variants
  NK                             1153 variants
  TFH                            1185 variants
  TH1                            1170 variants
  TH17                           1179 variants
  TH2                            1183 variants
  THSTAR                         1171 variants
  TREG_MEM                       1185 variants
  TREG_NAIVE                     1175 variants

[3+4] Running coloc.abf...
  B_CELL_NAIVE                  PP.H0.abf PP.H1.abf PP.H2.abf PP.H3.abf PP.H4.abf 
  0.81300   0.09840   0.06860   0.00829   0.01140 
[1] "PP abf for shared variant: 1.14%"
  PP.H4=0.011  PP.H3=0.008  (n=798)
  CD4_NAIVE                     PP.H0.abf PP.H1.abf PP.H2.abf PP.H3.abf PP.H4.abf 
  0.82300   0.09870   0.06150   0.00736   0.00953 
[1] "PP abf for shared variant: 0.953%"
  PP.H4=0.010  PP.H3=0.007  (n=801)
  CD4_STIM                      PP.H0.abf PP.H1.abf PP.H2.abf PP.H3.abf PP.H4.abf 
   0.8210    0.0982    0.0628    0.0075    0.0103 
[1] "PP abf for shared variant: 1.03%"
  PP.H4=0.010  PP.H3=0.008  (n=788)
  CD8_NAIVE                     PP.H0.abf PP.H1.abf PP.H2.abf PP.H3.abf PP.H4.abf 
  0.81700   0.09780   0.06680   0.00799   0.01090 
[1] "PP abf for shared variant: 1.09%"
  PP.H4=0.011  PP.H3=0.008  (n=808)
  CD8_STIM                      PP.H0.abf PP.H1.abf PP.H2.abf PP.H3.abf PP.H4.abf 
  0.81300   0.09770   0.06950   0.00835   0.01160 
[1] "PP abf for shared variant: 1.16%"
  PP.H4=0.012  PP.H3=0.008  (n=810)
  M2                            PP.H0.abf PP.H1.abf PP.H2.abf PP.H3.abf PP.H4.abf 
  0.82000   0.09610   0.06670   0.00781   0.00958 
[1] "PP abf for shared variant: 0.958%"
  PP.H4=0.010  PP.H3=0.008  (n=793)
  MONOCYTES                     PP.H0.abf PP.H1.abf PP.H2.abf PP.H3.abf PP.H4.abf 
  0.82200   0.09950   0.06210   0.00751   0.00912 
[1] "PP abf for shared variant: 0.912%"
  PP.H4=0.009  PP.H3=0.008  (n=798)
  NK                            PP.H0.abf PP.H1.abf PP.H2.abf PP.H3.abf PP.H4.abf 
   0.8190    0.0983    0.0651    0.0078    0.0103 
[1] "PP abf for shared variant: 1.03%"
  PP.H4=0.010  PP.H3=0.008  (n=795)
  TFH                           PP.H0.abf PP.H1.abf PP.H2.abf PP.H3.abf PP.H4.abf 
  0.82300   0.09890   0.06150   0.00739   0.00932 
[1] "PP abf for shared variant: 0.932%"
  PP.H4=0.009  PP.H3=0.007  (n=811)
  TH1                           PP.H0.abf PP.H1.abf PP.H2.abf PP.H3.abf PP.H4.abf 
  0.82100   0.09990   0.06220   0.00756   0.00925 
[1] "PP abf for shared variant: 0.925%"
  PP.H4=0.009  PP.H3=0.008  (n=804)
  TH17                          PP.H0.abf PP.H1.abf PP.H2.abf PP.H3.abf PP.H4.abf 
  0.81800   0.09860   0.06550   0.00788   0.00985 
[1] "PP abf for shared variant: 0.985%"
  PP.H4=0.010  PP.H3=0.008  (n=811)
  TH2                           PP.H0.abf PP.H1.abf PP.H2.abf PP.H3.abf PP.H4.abf 
  0.81200   0.09770   0.07210   0.00867   0.00948 
[1] "PP abf for shared variant: 0.948%"
  PP.H4=0.009  PP.H3=0.009  (n=810)
  THSTAR                        PP.H0.abf PP.H1.abf PP.H2.abf PP.H3.abf PP.H4.abf 
  0.81300   0.09770   0.07070   0.00848   0.01000 
[1] "PP abf for shared variant: 1%"
  PP.H4=0.010  PP.H3=0.008  (n=802)
  TREG_MEM                      PP.H0.abf PP.H1.abf PP.H2.abf PP.H3.abf PP.H4.abf 
  0.81400   0.09810   0.07020   0.00845   0.00954 
[1] "PP abf for shared variant: 0.954%"
  PP.H4=0.010  PP.H3=0.008  (n=812)
  TREG_NAIVE                    PP.H0.abf PP.H1.abf PP.H2.abf PP.H3.abf PP.H4.abf 
  0.81800   0.09800   0.06640   0.00794   0.00942 
[1] "PP abf for shared variant: 0.942%"
  PP.H4=0.009  PP.H3=0.008  (n=810)

--- coloc.abf results (sorted by PP.H4) ---
       cell_type  nSNP     PP.H0      PP.H1      PP.H2       PP.H3       PP.H4
          <char> <int>     <num>      <num>      <num>       <num>       <num>
 1:     CD8_STIM   810 0.8128490 0.09770917 0.06953602 0.008347074 0.011558769
 2: B_CELL_NAIVE   798 0.8132287 0.09842173 0.06862271 0.008293691 0.011433126
 3:    CD8_NAIVE   808 0.8165522 0.09780442 0.06679398 0.007989544 0.010859882
 4:     CD4_STIM   788 0.8211104 0.09824696 0.06280613 0.007504505 0.010332061
 5:           NK   795 0.8185695 0.09828937 0.06507587 0.007803695 0.010261585
 6:       THSTAR   802 0.8131165 0.09772978 0.07067288 0.008484290 0.009996511
 7:         TH17   811 0.8182090 0.09858500 0.06547320 0.007878932 0.009853857
 8:           M2   793 0.8198247 0.09613416 0.06665853 0.007806926 0.009575646
 9:     TREG_MEM   812 0.8137871 0.09806304 0.07016472 0.008445454 0.009539642
10:    CD4_NAIVE   801 0.8229678 0.09868279 0.06145723 0.007359858 0.009532317
11:          TH2   810 0.8119861 0.09770763 0.07214997 0.008672441 0.009483836
12:   TREG_NAIVE   810 0.8182638 0.09801757 0.06636115 0.007939802 0.009417674
13:          TFH   811 0.8228116 0.09893266 0.06154797 0.007391046 0.009316754
14:          TH1   804 0.8211047 0.09989330 0.06219332 0.007557014 0.009251611
15:    MONOCYTES   798 0.8218096 0.09950033 0.06206607 0.007505511 0.009118525

[5] Running coloc.susie (top 5 cell types)...
  819 SNPs for LD computation
  LD matrix: 816 × 816
  SuSiE CD8_STIM                       no coloc signals
  SuSiE B_CELL_NAIVE                   no coloc signals
  SuSiE CD8_NAIVE                      no coloc signals
  SuSiE CD4_STIM                       no coloc signals
  SuSiE NK                             no coloc signals
  No colocalized signals from coloc.susie
  Interpretation: eQTL signal too weak for SuSiE to form credible sets
  This often indicates a sQTL (splicing) or pQTL locus rather than an eQTL locus

[6] Generating plots...

=== DONE ===
Results in: /vol/projects/CIIM/agentic_immunology/temp/dice_reindex/test_coloc_zeb2
  /vol/projects/CIIM/agentic_immunology/temp/dice_reindex/test_coloc_zeb2/coloc_abf_ZEB2_posteriors_stacked.png
  /vol/projects/CIIM/agentic_immunology/temp/dice_reindex/test_coloc_zeb2/coloc_abf_ZEB2_PP.H4_barplot.png
  /vol/projects/CIIM/agentic_immunology/temp/dice_reindex/test_coloc_zeb2/coloc_abf_ZEB2_results.csv
  /vol/projects/CIIM/agentic_immunology/temp/dice_reindex/test_coloc_zeb2/regional_eqtl_CD8_STIM_ZEB2.png
  /vol/projects/CIIM/agentic_immunology/temp/dice_reindex/test_coloc_zeb2/regional_gwas_ZEB2.png
########################################
#            Job Accounting            #
########################################
To obtain job accounting information, run: /usr/local/bin/jobinfo 11439396
